// Jest Snapshot v1, https://goo.gl/fbAQLP

exports[`Render booksList component correctly 1`] = `
<View
  style={
    Object {
      "alignItems": "center",
      "flexDirection": "row",
      "marginTop": 7.444196428571429,
    }
  }
>
  <RNGestureHandlerButton
    collapsable={false}
    onGestureEvent={[Function]}
    onGestureHandlerEvent={[Function]}
    onGestureHandlerStateChange={[Function]}
    onHandlerStateChange={[Function]}
    rippleColor={0}
  >
    <View
      accessible={true}
      style={
        Object {
          "borderWidth": 1.8115942028985508,
          "height": 29.776785714285715,
          "marginLeft": 36.231884057971016,
          "opacity": 1,
          "width": 36.231884057971016,
        }
      }
    >
      <View />
    </View>
  </RNGestureHandlerButton>
  <Text
    forwardedRef={[Function]}
    style={
      Object {
        "marginLeft": 253.62318840579712,
      }
    }
  >
    test
  </Text>
</View>
`;
