// Jest Snapshot v1, https://goo.gl/fbAQLP

exports[`Render navBar component correctly 1`] = `
<RCTSafeAreaView
  emulateUnlessSupported={true}
  style={
    Object {
      "height": 100,
      "width": "100%",
      "zIndex": 100,
    }
  }
>
  <Image
    resizeMode="contain"
    source={
      Object {
        "testUri": "../../../src/assets/img/bc_nav_bar_3x.png",
      }
    }
    style={
      Object {
        "height": 200,
        "position": "absolute",
        "top": -45,
        "width": "100%",
      }
    }
  />
</RCTSafeAreaView>
`;
