// Jest Snapshot v1, https://goo.gl/fbAQLP

exports[`Render booksList component correctly 1`] = `
<View
  style={
    Object {
      "flexDirection": "row",
      "justifyContent": "space-between",
      "marginTop": 7.444196428571429,
    }
  }
>
  <View
    accessible={true}
    focusable={false}
    onClick={[Function]}
    onResponderGrant={[Function]}
    onResponderMove={[Function]}
    onResponderRelease={[Function]}
    onResponderTerminate={[Function]}
    onResponderTerminationRequest={[Function]}
    onStartShouldSetResponder={[Function]}
    style={
      Object {
        "borderWidth": 1.8115942028985508,
        "height": 29.776785714285715,
        "marginLeft": 36.231884057971016,
        "opacity": 1,
        "width": 36.231884057971016,
      }
    }
  />
  <Text>
    LIBRARY
  </Text>
  <View
    accessible={true}
    focusable={true}
    onClick={[Function]}
    onResponderGrant={[Function]}
    onResponderMove={[Function]}
    onResponderRelease={[Function]}
    onResponderTerminate={[Function]}
    onResponderTerminationRequest={[Function]}
    onStartShouldSetResponder={[Function]}
    style={
      Object {
        "borderWidth": 1.8115942028985508,
        "height": 29.776785714285715,
        "marginRight": 36.231884057971016,
        "opacity": 1,
        "width": 36.231884057971016,
      }
    }
  />
</View>
`;
