// Jest Snapshot v1, https://goo.gl/fbAQLP

exports[`Render raisedButton component correctly 1`] = `
<RNGestureHandlerButton
  collapsable={false}
  onGestureEvent={[Function]}
  onGestureHandlerEvent={[Function]}
  onGestureHandlerStateChange={[Function]}
  onHandlerStateChange={[Function]}
  rippleColor={0}
>
  <View
    accessible={true}
    style={
      Object {
        "alignItems": "center",
        "backgroundColor": "#0baee6",
        "borderRadius": 30,
        "height": 45,
        "justifyContent": "center",
        "opacity": 1,
        "padding": 10,
      }
    }
  />
</RNGestureHandlerButton>
`;
