// Jest Snapshot v1, https://goo.gl/fbAQLP

exports[`Render Book component correctly 1`] = `
<View
  style={
    Object {
      "flexDirection": "row",
    }
  }
>
  <Image
    resizeMode="contain"
    source={
      Object {
        "uri": "http://wolox-training.s3.amazonaws.com/uploads/6963511-M.jpg",
      }
    }
    style={
      Object {
        "height": 119.10714285714286,
        "marginLeft": 54.34782608695652,
        "width": 90.57971014492753,
      }
    }
  />
  <View
    style={
      Object {
        "marginLeft": 36.231884057971016,
        "marginTop": 7.444196428571429,
      }
    }
  >
    <Text>
      The GitHub Journey
    </Text>
    <Text>
      John doe
    </Text>
  </View>
</View>
`;

exports[`Render booksList component correctly 1`] = `
<View
  style={
    Object {
      "flexDirection": "row",
    }
  }
>
  <Image
    resizeMode="contain"
    source={
      Object {
        "uri": "http://wolox-training.s3.amazonaws.com/uploads/6963511-M.jpg",
      }
    }
    style={
      Object {
        "height": 119.10714285714286,
        "marginLeft": 54.34782608695652,
        "width": 90.57971014492753,
      }
    }
  />
  <View
    style={
      Object {
        "marginLeft": 36.231884057971016,
        "marginTop": 7.444196428571429,
      }
    }
  >
    <Text>
      The GitHub Journey
    </Text>
    <Text>
      John doe
    </Text>
  </View>
</View>
`;
